// Jest Snapshot v1, https://goo.gl/fbAQLP

exports[`render Markdown from TSDoc 1`] = `
StringBuilder {
  "_chunks": Array [
    "
## Simple bold test

This is a <b>bold</b> word.

## All whitespace bold

  

## Newline bold

<b>line 1</b> <b>line 2</b>

## Newline bold with spaces

  <b>line 1</b>    <b>line 2</b>    <b>line 3</b>  

## Adjacent bold regions

<b>one</b><b>two</b> <b>three</b> <b>four</b>non-bold<!-- --><b>five</b>

## Adjacent to other characters

[a link](./index.md)<!-- --><b>bold</b>non-boldmore-non-bold

## Unknown block tag

<b>bold</b>non-boldmore-non-bold

## Bad characters

<b>\\\\*one\\\\*two\\\\*</b><b>three\\\\*four</b>

## Characters that should be escaped

Double-encoded JSON: \\"{ \\\\\\\\\\"A\\\\\\\\\\": 123}\\"

HTML chars: &lt;script&gt;alert(\\"\\\\[You\\\\] are \\\\#1!\\");&lt;/script&gt;

HTML escape: &amp;quot;

3 or more hyphens: - -- \\\\-\\\\-\\\\- \\\\-\\\\-\\\\-- \\\\-\\\\-\\\\--- \\\\-\\\\-\\\\-\\\\-\\\\-\\\\-

## HTML tag

<b>bold</b>

## Table

|  Header 1 | Header 2 |
|  --- | --- |
|  Cell 1 | Cell 2 |

",
  ],
}
`;
